// Jest Snapshot v1, https://goo.gl/fbAQLP

exports[`Pruebas en <GifItem /> debe de hacer match con el snapshot 1`] = `
<div>
  <div
    class="card"
  >
    <img
      alt="Starfield"
      src="https://starfield.com/"
    />
    <p>
      Starfield
    </p>
  </div>
</div>
`;
